
[1m[30m[46m RUN [49m[39m[22m [36mv4.1.4 [39m[90m/home/ilmar/citizenos/citizenos-fe-next[39m

 [31m❯[39m src/app/shared/components/create-menu/create-menu.component.spec.ts [2m([22m[2m4 tests[22m[2m | [22m[31m4 failed[39m[2m)[22m[32m 5[2mms[22m[39m
[31m     [31m×[31m should create[39m[32m 3[2mms[22m[39m
[31m     [31m×[31m should render all menu items[39m[32m 0[2mms[22m[39m
[31m     [31m×[31m should emit onClose when a menu item is clicked[39m[32m 0[2mms[22m[39m
[31m     [31m×[31m should have correct routerLinks[39m[32m 0[2mms[22m[39m

[31m⎯⎯⎯⎯⎯⎯⎯[39m[1m[41m Failed Tests 4 [49m[22m[31m⎯⎯⎯⎯⎯⎯⎯[39m

[41m[1m FAIL [22m[49m src/app/shared/components/create-menu/create-menu.component.spec.ts[2m > [22mCreateMenuComponent[2m > [22mshould create
[41m[1m FAIL [22m[49m src/app/shared/components/create-menu/create-menu.component.spec.ts[2m > [22mCreateMenuComponent[2m > [22mshould render all menu items
[41m[1m FAIL [22m[49m src/app/shared/components/create-menu/create-menu.component.spec.ts[2m > [22mCreateMenuComponent[2m > [22mshould emit onClose when a menu item is clicked
[41m[1m FAIL [22m[49m src/app/shared/components/create-menu/create-menu.component.spec.ts[2m > [22mCreateMenuComponent[2m > [22mshould have correct routerLinks
[31m[1mError[22m: Component 'CreateMenuComponent' is not resolved:
 - styleUrls: ["./create-menu.component.scss"]
Did you run and wait for 'resolveComponentResources()'?[39m
[90m [2m❯[22m Function.get ../darwin_arm64-fastbuild-ST-fdfa778d11ba/bin/packages/core/src/render3/jit/directive.ts:[2m106:16[22m[39m
[90m [2m❯[22m ɵcmp ../darwin_arm64-fastbuild-ST-fdfa778d11ba/bin/packages/core/testing/src/test_bed_compiler.ts:[2m1116:24[22m[39m
[90m [2m❯[22m getComponentDef ../darwin_arm64-fastbuild-ST-fdfa778d11ba/bin/packages/core/testing/src/test_bed_compiler.ts:[2m1109:14[22m[39m
[90m [2m❯[22m isStandaloneComponent ../darwin_arm64-fastbuild-ST-fdfa778d11ba/bin/packages/core/testing/src/test_bed_compiler.ts:[2m784:19[22m[39m
[90m [2m❯[22m queueTypesFromModulesArrayRecur ../darwin_arm64-fastbuild-ST-fdfa778d11ba/bin/packages/core/testing/src/test_bed_compiler.ts:[2m808:4[22m[39m
[90m [2m❯[22m queueTypesFromModulesArray ../darwin_arm64-fastbuild-ST-fdfa778d11ba/bin/packages/core/testing/src/test_bed_compiler.ts:[2m226:11[22m[39m
[90m [2m❯[22m configureTestingModule ../darwin_arm64-fastbuild-ST-fdfa778d11ba/bin/packages/core/testing/src/test_bed.ts:[2m584:18[22m[39m
[90m [2m❯[22m configureTestingModule ../darwin_arm64-fastbuild-ST-fdfa778d11ba/bin/packages/core/testing/src/test_bed.ts:[2m319:32[22m[39m
[36m [2m❯[22m src/app/shared/components/create-menu/create-menu.component.spec.ts:[2m12:19[22m[39m
    [90m 10|[39m
    [90m 11|[39m   [34mbeforeEach[39m([35masync[39m () [33m=>[39m {
    [90m 12|[39m     [35mawait[39m [33mTestBed[39m[33m.[39m[34mconfigureTestingModule[39m({
    [90m   |[39m                   [31m^[39m
    [90m 13|[39m       imports[33m:[39m [[33mCreateMenuComponent[39m[33m,[39m [33mTranslateModule[39m[33m.[39m[34mforRoot[39m()][33m,[39m
    [90m 14|[39m       providers[33m:[39m [

[31m[2m⎯⎯⎯⎯⎯⎯⎯⎯⎯⎯⎯⎯⎯⎯⎯⎯⎯⎯⎯⎯⎯⎯⎯⎯[1/4]⎯[22m[39m


[2m Test Files [22m [1m[31m1 failed[39m[22m[90m (1)[39m
[2m      Tests [22m [1m[31m4 failed[39m[22m[90m (4)[39m
[2m   Start at [22m 14:58:57
[2m   Duration [22m 696ms[2m (transform 29ms, setup 113ms, import 43ms, tests 5ms, environment 247ms)[22m

